PS C:\Users\naoko\OneDrive\Desktop> mkdir git_challenge


    ディレクトリ: C:\Users\naoko\OneDrive\Desktop


Mode                 LastWriteTime         Length Name
----                 -------------         ------ ----
d-----        2025/08/13     17:00                git_challenge


PS C:\Users\naoko\OneDrive\Desktop> cd git_challenge
PS C:\Users\naoko\OneDrive\Desktop\git_challenge> git init
Initialized empty Git repository in C:/Users/naoko/OneDrive/Desktop/git_challenge/.git/
PS C:\Users\naoko\OneDrive\Desktop\git_challenge> git add hello_world.txt
PS C:\Users\naoko\OneDrive\Desktop\git_challenge> git commit -m "1回目のコミット"
[main (root-commit) 21c26ee] 1回目のコミット
 1 file changed, 0 insertions(+), 0 deletions(-)
 create mode 100644 hello_world.txt
PS C:\Users\naoko\OneDrive\Desktop\git_challenge> git add hello_world.txt
PS C:\Users\naoko\OneDrive\Desktop\git_challenge> git commit -m "２回目のコミット"
[main b8babc6] ２回目のコミット
 1 file changed, 2 insertions(+)
PS C:\Users\naoko\OneDrive\Desktop\git_challenge> git log --oneline
b8babc6 (HEAD -> main) ２回目のコミット
21c26ee 1回目のコミット
