PS C:\Users\naoko\OneDrive\Desktop> mkdir git_challenge


    ディレクトリ: C:\Users\naoko\OneDrive\Desktop


Mode                 LastWriteTime         Length Name
----                 -------------         ------ ----
d-----        2025/08/13     17:00                git_challenge


PS C:\Users\naoko\OneDrive\Desktop> cd git_challenge
PS C:\Users\naoko\OneDrive\Desktop\git_challenge> git init
Initialized empty Git repository in C:/Users/naoko/OneDrive/Desktop/git_challenge/.git/
PS C:\Users\naoko\OneDrive\Desktop\git_challenge> echo "Hello, World!" >> hello_world.txt
PS C:\Users\naoko\OneDrive\Desktop\git_challenge> git add hello_world.txt
PS C:\Users\naoko\OneDrive\Desktop\git_challenge> git commit -m "hello_world.txtを追加"
[main de25784] hello_world.txtを追加
 1 file changed, 0 insertions(+), 0 deletions(-)
 create mode 100644 hello_world.txt
PS C:\Users\naoko\OneDrive\Desktop\git_challenge> echo "こんにちは、世界！" >> hello_world.txt
PS C:\Users\naoko\OneDrive\Desktop\git_challenge> cat hello_world.txt
Hello, World!
こんにちは、世界！
PS C:\Users\naoko\OneDrive\Desktop\git_challenge> git add hello_world.txt
PS C:\Users\naoko\OneDrive\Desktop\git_challenge> git commit -m "日本語訳を追記"
[main 14f246e] 日本語訳を追記
 1 file changed, 0 insertions(+), 0 deletions(-)
PS C:\Users\naoko\OneDrive\Desktop\git_challenge> git log --oneline
14f246e (HEAD -> main) 日本語訳を追記
de25784 hello_world.txtを追加